C:/TouchGFXProjects/Mess_Display_BI/LWIP/Target/ethernetif.c:176:6:HAL_ETH_RxCpltCallback	16	static
C:/TouchGFXProjects/Mess_Display_BI/LWIP/Target/ethernetif.c:185:6:HAL_ETH_TxCpltCallback	16	static
C:/TouchGFXProjects/Mess_Display_BI/LWIP/Target/ethernetif.c:194:6:HAL_ETH_ErrorCallback	16	static
C:/TouchGFXProjects/Mess_Display_BI/LWIP/Target/ethernetif.c:216:13:low_level_init	176	static
C:/TouchGFXProjects/Mess_Display_BI/LWIP/Target/ethernetif.c:440:14:low_level_output	80	static
C:/TouchGFXProjects/Mess_Display_BI/LWIP/Target/ethernetif.c:512:22:low_level_input	24	static
C:/TouchGFXProjects/Mess_Display_BI/LWIP/Target/ethernetif.c:533:6:ethernetif_input	24	static
C:/TouchGFXProjects/Mess_Display_BI/LWIP/Target/ethernetif.c:590:7:ethernetif_init	16	static
C:/TouchGFXProjects/Mess_Display_BI/LWIP/Target/ethernetif.c:641:6:pbuf_free_custom	24	static
C:/TouchGFXProjects/Mess_Display_BI/LWIP/Target/ethernetif.c:664:7:sys_now	8	static
C:/TouchGFXProjects/Mess_Display_BI/LWIP/Target/ethernetif.c:677:6:HAL_ETH_MspInit	72	static
C:/TouchGFXProjects/Mess_Display_BI/LWIP/Target/ethernetif.c:772:6:HAL_ETH_MspDeInit	16	static
C:/TouchGFXProjects/Mess_Display_BI/LWIP/Target/ethernetif.c:832:9:ETH_PHY_IO_Init	8	static
C:/TouchGFXProjects/Mess_Display_BI/LWIP/Target/ethernetif.c:849:9:ETH_PHY_IO_DeInit	4	static
C:/TouchGFXProjects/Mess_Display_BI/LWIP/Target/ethernetif.c:861:9:ETH_PHY_IO_ReadReg	24	static
C:/TouchGFXProjects/Mess_Display_BI/LWIP/Target/ethernetif.c:878:9:ETH_PHY_IO_WriteReg	24	static
C:/TouchGFXProjects/Mess_Display_BI/LWIP/Target/ethernetif.c:892:9:ETH_PHY_IO_GetTick	8	static
C:/TouchGFXProjects/Mess_Display_BI/LWIP/Target/ethernetif.c:901:6:ethernet_link_thread	136	static
C:/TouchGFXProjects/Mess_Display_BI/LWIP/Target/ethernetif.c:1026:6:HAL_ETH_RxAllocateCallback	32	static
C:/TouchGFXProjects/Mess_Display_BI/LWIP/Target/ethernetif.c:1048:6:HAL_ETH_RxLinkCallback	56	static,ignoring_inline_asm
C:/TouchGFXProjects/Mess_Display_BI/LWIP/Target/ethernetif.c:1088:6:HAL_ETH_TxFreeCallback	16	static
