C:/TouchGFXProjects/Mess_Display_BI_08-291024/ETHERNET_IF/App/tcpecho/tcp_client.c:74:13:tcpclient_thread	40	static
C:/TouchGFXProjects/Mess_Display_BI_08-291024/ETHERNET_IF/App/tcpecho/tcp_client.c:126:6:tcpclient_init	16	static
C:/TouchGFXProjects/Mess_Display_BI_08-291024/ETHERNET_IF/App/tcpecho/tcp_client.c:143:6:tcpclient_connect	16	static
C:/TouchGFXProjects/Mess_Display_BI_08-291024/ETHERNET_IF/App/tcpecho/tcp_client.c:156:6:tcpclient_disconnect	8	static
C:/TouchGFXProjects/Mess_Display_BI_08-291024/ETHERNET_IF/App/tcpecho/tcp_client.c:169:6:tcpclient_set_remote_tcpserver_ip	24	static
C:/TouchGFXProjects/Mess_Display_BI_08-291024/ETHERNET_IF/App/tcpecho/tcp_client.c:185:6:tcpclient_get_remote_tcpserver_ip	48	static
C:/TouchGFXProjects/Mess_Display_BI_08-291024/ETHERNET_IF/App/tcpecho/tcp_client.c:211:6:tcpclient_get_connect_state	16	static
C:/TouchGFXProjects/Mess_Display_BI_08-291024/ETHERNET_IF/App/tcpecho/tcp_client.c:234:8:tcpclient_send_data_to_tcpserver	32	static
C:/TouchGFXProjects/Mess_Display_BI_08-291024/ETHERNET_IF/App/tcpecho/tcp_client.c:258:10:tcpclient_receive_data_from_tcpserver	24	static
