Model.cpp:128:1:Model::Model()	16	static
Model.cpp:158:6:void Model::tick()	48	static
Model.cpp:400:5:int Model::ReadValueFromEEPORM()	24	static
Model.cpp:409:6:void Model::SendVlaueToEEPROM(int)	16	static
Model.cpp:414:6:void Model::updatefLinIonSetCurrent(int)	16	static
Model.cpp:420:5:int Model::ReadCountEEPORM()	16	static
Model.cpp:427:6:void Model::setBacklightValue(int)	1192	static
Model.cpp:472:6:bool Model::getSDCS()	24	static
Model.cpp:487:6:void Model::process_CAN_messages()	88	static
Model.cpp:677:6:void Model::sendLinDataOverCAN()	24	static
Model.cpp:690:6:void Model::sendSystemImageOverCAN()	24	static
Model.cpp:750:6:void Model::fnSendFloatsViaCAN(uint32_t, float, float, float, float)	40	static
Model.cpp:774:6:void Model::fnTxViaCAN(uint32_t, uint8_t, uint8_t*)	24	static
Model.cpp:781:6:void HAL_UARTEx_RxEventCallback(UART_HandleTypeDef*, uint16_t)	16	static
Model.cpp:790:6:void Model::processLINData(uint8_t*, uint16_t)	24	static
Model.cpp:805:6:void Model::rearrangeRxData(uint8_t*, uint8_t)	48	static
Model.cpp:827:6:void Model::sendLINControlFrame(uint8_t, uint8_t, uint8_t, uint8_t, uint8_t)	32	static
Model.cpp:876:6:void Model::activateHV()	32	static
Model.cpp:900:6:void Model::readLinDiagnose()	32	static
Model.cpp:924:6:void Model::disableHV()	32	static
Model.cpp:949:6:void Model::receiveLINStatusFrame()	16	static
Model.cpp:962:9:uint8_t Model::receiveInitialHviValue()	16	static
Model.cpp:979:9:uint8_t Model::pid_Calc(uint8_t)	24	static
Model.cpp:993:9:uint8_t Model::checksum_Calc(uint8_t, uint8_t*, uint8_t)	32	static
Model.cpp:1010:9:uint8_t Model::LIN_ClassicChecksum(uint8_t*, uint8_t)	32	static
Model.cpp:1029:10:bool Model::validateLINData(uint8_t*)	24	static
Model.cpp:1039:5:void __static_initialization_and_destruction_0(int, int)	16	static
Model.cpp:1039:5:cpp)	8	static
