C:/TouchGFXProjects/Mess_Display_BI_08-291024/Core/Src/stm32h7xx_it.c:75:6:NMI_Handler	4	static
C:/TouchGFXProjects/Mess_Display_BI_08-291024/Core/Src/stm32h7xx_it.c:90:6:HardFault_Handler	4	static
C:/TouchGFXProjects/Mess_Display_BI_08-291024/Core/Src/stm32h7xx_it.c:109:6:MemManage_Handler	4	static
C:/TouchGFXProjects/Mess_Display_BI_08-291024/Core/Src/stm32h7xx_it.c:124:6:BusFault_Handler	4	static
C:/TouchGFXProjects/Mess_Display_BI_08-291024/Core/Src/stm32h7xx_it.c:139:6:UsageFault_Handler	4	static
C:/TouchGFXProjects/Mess_Display_BI_08-291024/Core/Src/stm32h7xx_it.c:154:6:DebugMon_Handler	4	static
C:/TouchGFXProjects/Mess_Display_BI_08-291024/Core/Src/stm32h7xx_it.c:174:6:FDCAN1_IT0_IRQHandler	8	static
C:/TouchGFXProjects/Mess_Display_BI_08-291024/Core/Src/stm32h7xx_it.c:188:6:TIM6_DAC_IRQHandler	8	static
C:/TouchGFXProjects/Mess_Display_BI_08-291024/Core/Src/stm32h7xx_it.c:202:6:ETH_IRQHandler	8	static
C:/TouchGFXProjects/Mess_Display_BI_08-291024/Core/Src/stm32h7xx_it.c:216:6:USART6_IRQHandler	8	static
C:/TouchGFXProjects/Mess_Display_BI_08-291024/Core/Src/stm32h7xx_it.c:230:6:LTDC_IRQHandler	8	static
C:/TouchGFXProjects/Mess_Display_BI_08-291024/Core/Src/stm32h7xx_it.c:244:6:OTG_FS_IRQHandler	8	static
