tcp_server.c:80:13:tcpserver_thread	40	static
tcp_server.c:141:13:netCallback	16	static
tcp_server.c:150:6:tcpserver_set_Local_port	16	static
tcp_server.c:166:10:tcpserver_get_Local_port	4	static
tcp_server.c:175:6:tcpserver_get_remote_tcpclient_ip	48	static
tcp_server.c:216:1:tcpserver_init	16	static
tcp_server.c:233:1:tcpserver_Start	8	static
tcp_server.c:248:1:tcpserver_Stop	8	static
tcp_server.c:261:8:tcpserver_send_data_to_tcpclient	32	static
tcp_server.c:287:10:tcpserver_receive_data_from_tcpclient	24	static
