../../Middlewares/ST/touchgfx/framework/include/touchgfx/Unicode.hpp:404:25:static touchgfx::Unicode::UnicodeChar* touchgfx::Unicode::snprintfFloat(UnicodeChar*, uint16_t, const char*, float)	24	static
../../Middlewares/ST/touchgfx/framework/include/touchgfx/Screen.hpp:104:18:virtual void touchgfx::Screen::afterTransition()	16	static
../../Middlewares/ST/touchgfx/framework/include/touchgfx/Screen.hpp:115:18:virtual void touchgfx::Screen::tearDownScreen()	16	static
../../Middlewares/ST/touchgfx/framework/include/touchgfx/Screen.hpp:144:18:virtual void touchgfx::Screen::handleTickEvent()	16	static
../../Middlewares/ST/touchgfx/framework/include/touchgfx/Screen.hpp:154:18:virtual void touchgfx::Screen::handleKeyEvent(uint8_t)	16	static
../../TouchGFX/gui/include/gui/mess_screen/MessView.hpp:17:13:MessView::~MessView()	16	static
../../TouchGFX/gui/include/gui/mess_screen/MessView.hpp:17:13:virtual MessView::~MessView()	16	static
C:/TouchGFXProjects/Mess_Display_BI_08-291024/TouchGFX/gui/src/mess_screen/MessView.cpp:6:1:MessView::MessView()	16	static
C:/TouchGFXProjects/Mess_Display_BI_08-291024/TouchGFX/gui/src/mess_screen/MessView.cpp:11:6:virtual void MessView::setupScreen()	24	static
C:/TouchGFXProjects/Mess_Display_BI_08-291024/TouchGFX/gui/src/mess_screen/MessView.cpp:34:6:virtual void MessView::tearDownScreen()	16	static
C:/TouchGFXProjects/Mess_Display_BI_08-291024/TouchGFX/gui/src/mess_screen/MessView.cpp:57:6:virtual void MessView::Adj_Displ_PWM(int)	16	static
C:/TouchGFXProjects/Mess_Display_BI_08-291024/TouchGFX/gui/src/mess_screen/MessView.cpp:64:6:void MessView::setStateSDCS(bool)	16	static
C:/TouchGFXProjects/Mess_Display_BI_08-291024/TouchGFX/gui/src/mess_screen/MessView.cpp:75:6:void MessView::text_write()	1176	static
C:/TouchGFXProjects/Mess_Display_BI_08-291024/TouchGFX/gui/src/mess_screen/MessView.cpp:111:6:virtual void MessView::HVI_Plus()	24	static
C:/TouchGFXProjects/Mess_Display_BI_08-291024/TouchGFX/gui/src/mess_screen/MessView.cpp:126:6:virtual void MessView::HVI_Minus()	24	static
C:/TouchGFXProjects/Mess_Display_BI_08-291024/TouchGFX/gui/src/mess_screen/MessView.cpp:148:6:void MessView::CANIntReceived(uint32_t, const int16_t*)	56	static
C:/TouchGFXProjects/Mess_Display_BI_08-291024/TouchGFX/gui/src/mess_screen/MessView.cpp:239:6:void MessView::updateLINStatus(uint8_t*)	96	static
