../../Middlewares/ST/touchgfx/framework/include/mvp/Presenter.hpp:37:18:virtual void touchgfx::Presenter::activate()	16	static
../../Middlewares/ST/touchgfx/framework/include/mvp/Presenter.hpp:47:18:virtual void touchgfx::Presenter::deactivate()	16	static
../../Middlewares/ST/touchgfx/framework/include/mvp/Presenter.hpp:52:13:touchgfx::Presenter::~Presenter()	16	static
../../Middlewares/ST/touchgfx/framework/include/mvp/Presenter.hpp:52:13:virtual touchgfx::Presenter::~Presenter()	16	static
../../Middlewares/ST/touchgfx/framework/include/mvp/Presenter.hpp:58:5:touchgfx::Presenter::Presenter()	16	static
../../TouchGFX/gui/include/gui/model/ModelListener.hpp:11:5:ModelListener::ModelListener()	16	static
../../TouchGFX/gui/include/gui/model/ModelListener.hpp:13:18:virtual void ModelListener::CANIntReceived(uint32_t, const int16_t*)	24	static
../../TouchGFX/gui/include/gui/model/ModelListener.hpp:14:18:virtual void ModelListener::onLINStatusReceived(uint8_t*)	16	static
../../TouchGFX/gui/include/gui/model/ModelListener.hpp:15:13:ModelListener::~ModelListener()	16	static
../../TouchGFX/gui/include/gui/model/ModelListener.hpp:15:13:virtual ModelListener::~ModelListener()	16	static
../../TouchGFX/gui/include/gui/model/ModelListener.hpp:18:18:virtual void ModelListener::setStateSDCS(bool)	16	static
../../TouchGFX/gui/include/gui/mess_screen/MessPresenter.hpp:41:13:MessPresenter::~MessPresenter()	16	static
../../TouchGFX/gui/include/gui/mess_screen/MessPresenter.hpp:41:13:virtual MessPresenter::~MessPresenter()	16	static
C:/TouchGFXProjects/Mess_Display_BI/TouchGFX/gui/src/mess_screen/MessPresenter.cpp:4:1:MessPresenter::MessPresenter(MessView&)	16	static
C:/TouchGFXProjects/Mess_Display_BI/TouchGFX/gui/src/mess_screen/MessPresenter.cpp:10:6:virtual void MessPresenter::activate()	16	static
C:/TouchGFXProjects/Mess_Display_BI/TouchGFX/gui/src/mess_screen/MessPresenter.cpp:15:6:virtual void MessPresenter::deactivate()	16	static
C:/TouchGFXProjects/Mess_Display_BI/TouchGFX/gui/src/mess_screen/MessPresenter.cpp:20:6:void MessPresenter::setBacklightValuePresenter(int)	16	static
C:/TouchGFXProjects/Mess_Display_BI/TouchGFX/gui/src/mess_screen/MessPresenter.cpp:26:5:virtual int MessPresenter::readEEPROMvalue()	16	static
C:/TouchGFXProjects/Mess_Display_BI/TouchGFX/gui/src/mess_screen/MessPresenter.cpp:30:5:virtual int MessPresenter::readEEPROMCount()	16	static
C:/TouchGFXProjects/Mess_Display_BI/TouchGFX/gui/src/mess_screen/MessPresenter.cpp:34:6:virtual void MessPresenter::sendEEPROMvalue(int)	16	static
C:/TouchGFXProjects/Mess_Display_BI/TouchGFX/gui/src/mess_screen/MessPresenter.cpp:40:6:virtual void MessPresenter::setStateSDCS(bool)	16	static
C:/TouchGFXProjects/Mess_Display_BI/TouchGFX/gui/src/mess_screen/MessPresenter.cpp:46:6:virtual void MessPresenter::CANIntReceived(uint32_t, const int16_t*)	24	static
C:/TouchGFXProjects/Mess_Display_BI/TouchGFX/gui/src/mess_screen/MessPresenter.cpp:51:6:void MessPresenter::sendLINControlFrame(uint8_t, uint8_t, uint8_t, uint8_t, uint8_t)	32	static
C:/TouchGFXProjects/Mess_Display_BI/TouchGFX/gui/src/mess_screen/MessPresenter.cpp:56:6:void MessPresenter::receiveLINStatusFrame()	16	static
C:/TouchGFXProjects/Mess_Display_BI/TouchGFX/gui/src/mess_screen/MessPresenter.cpp:61:6:virtual void MessPresenter::onLINStatusReceived(uint8_t*)	16	static
C:/TouchGFXProjects/Mess_Display_BI/TouchGFX/gui/src/mess_screen/MessPresenter.cpp:66:6:void MessPresenter::setHviValue(uint8_t)	16	static
