C:/TouchGFXProjects/Mess_Display_BI/TouchGFX/gui/src/model/Model.cpp:86:1:Model::Model()	24	static
C:/TouchGFXProjects/Mess_Display_BI/TouchGFX/gui/src/model/Model.cpp:97:6:void Model::tick()	32	static,ignoring_inline_asm
C:/TouchGFXProjects/Mess_Display_BI/TouchGFX/gui/src/model/Model.cpp:153:5:int Model::ReadValueFromEEPORM()	16	static
C:/TouchGFXProjects/Mess_Display_BI/TouchGFX/gui/src/model/Model.cpp:159:6:void Model::SendVlaueToEEPROM(int)	16	static
C:/TouchGFXProjects/Mess_Display_BI/TouchGFX/gui/src/model/Model.cpp:164:6:void Model::updatefLinIonSetCurrent(int)	16	static
C:/TouchGFXProjects/Mess_Display_BI/TouchGFX/gui/src/model/Model.cpp:170:5:int Model::ReadCountEEPORM()	16	static
C:/TouchGFXProjects/Mess_Display_BI/TouchGFX/gui/src/model/Model.cpp:177:6:void Model::setBacklightValue(int)	1200	static
C:/TouchGFXProjects/Mess_Display_BI/TouchGFX/gui/src/model/Model.cpp:222:6:bool Model::getSDCS()	24	static
C:/TouchGFXProjects/Mess_Display_BI/TouchGFX/gui/src/model/Model.cpp:237:6:void Model::process_CAN_messages()	80	static
C:/TouchGFXProjects/Mess_Display_BI/TouchGFX/gui/src/model/Model.cpp:423:6:void Model::sendLinDataOverCAN()	24	static
C:/TouchGFXProjects/Mess_Display_BI/TouchGFX/gui/src/model/Model.cpp:436:6:void Model::sendSystemImageOverCAN()	16	static
C:/TouchGFXProjects/Mess_Display_BI/TouchGFX/gui/src/model/Model.cpp:487:6:void Model::fnSendFloatsViaCAN(uint32_t, float, float, float, float)	48	static
C:/TouchGFXProjects/Mess_Display_BI/TouchGFX/gui/src/model/Model.cpp:511:6:void HAL_UARTEx_RxEventCallback(UART_HandleTypeDef*, uint16_t)	16	static
C:/TouchGFXProjects/Mess_Display_BI/TouchGFX/gui/src/model/Model.cpp:520:6:void Model::processLINData(uint8_t*, uint16_t)	24	static
C:/TouchGFXProjects/Mess_Display_BI/TouchGFX/gui/src/model/Model.cpp:535:6:void Model::rearrangeRxData(uint8_t*, uint8_t)	48	static
C:/TouchGFXProjects/Mess_Display_BI/TouchGFX/gui/src/model/Model.cpp:557:6:void Model::sendLINControlFrame(uint8_t, uint8_t, uint8_t, uint8_t, uint8_t)	32	static
C:/TouchGFXProjects/Mess_Display_BI/TouchGFX/gui/src/model/Model.cpp:576:6:void Model::receiveLINStatusFrame()	24	static
C:/TouchGFXProjects/Mess_Display_BI/TouchGFX/gui/src/model/Model.cpp:584:9:uint8_t Model::receiveInitialHviValue()	16	static
C:/TouchGFXProjects/Mess_Display_BI/TouchGFX/gui/src/model/Model.cpp:601:9:uint8_t Model::pid_Calc(uint8_t)	24	static
C:/TouchGFXProjects/Mess_Display_BI/TouchGFX/gui/src/model/Model.cpp:615:9:uint8_t Model::checksum_Calc(uint8_t, uint8_t*, uint8_t)	32	static
C:/TouchGFXProjects/Mess_Display_BI/TouchGFX/gui/src/model/Model.cpp:631:10:bool Model::validateLINData(uint8_t*)	24	static
