../../Drivers/CMSIS/Include/core_cm7.h:2156:34:__NVIC_SystemReset	4	static,ignoring_inline_asm
C:/TouchGFXProjects/Mess_Display_BI/Drivers/Vendor/Device/AppJumpToBoot/app_jumpto_boot.c:56:6:OpenBootloader_JumpToBootloader	8	static
C:/TouchGFXProjects/Mess_Display_BI/Drivers/Vendor/Device/AppJumpToBoot/app_jumpto_boot.c:74:17:OpenBootloader_Read_BootOBFlash	80	static
C:/TouchGFXProjects/Mess_Display_BI/Drivers/Vendor/Device/AppJumpToBoot/app_jumpto_boot.c:108:13:OpenBootloader_Write_BootOBFlash	88	static
