C:/TouchGFXProjects/Mess_Display_BI/Drivers/Vendor/Driver/edt_bsp_lcd.c:60:6:EDT_LCD_ClockConfig	16	static
C:/TouchGFXProjects/Mess_Display_BI/Drivers/Vendor/Driver/edt_bsp_lcd.c:79:9:EDT_LCD_Init	8	static
C:/TouchGFXProjects/Mess_Display_BI/Drivers/Vendor/Driver/edt_bsp_lcd.c:126:9:EDT_LCD_DeInit	8	static
C:/TouchGFXProjects/Mess_Display_BI/Drivers/Vendor/Driver/edt_bsp_lcd.c:145:6:EDT_LCD_LayerInit	72	static
C:/TouchGFXProjects/Mess_Display_BI/Drivers/Vendor/Driver/edt_bsp_lcd.c:183:10:EDT_LCD_GetXSize	4	static
C:/TouchGFXProjects/Mess_Display_BI/Drivers/Vendor/Driver/edt_bsp_lcd.c:193:10:EDT_LCD_GetYSize	4	static
C:/TouchGFXProjects/Mess_Display_BI/Drivers/Vendor/Driver/edt_bsp_lcd.c:203:6:EDT_LCD_SetSize	16	static
C:/TouchGFXProjects/Mess_Display_BI/Drivers/Vendor/Driver/edt_bsp_lcd.c:214:6:EDT_LCD_DisplayOn	8	static
C:/TouchGFXProjects/Mess_Display_BI/Drivers/Vendor/Driver/edt_bsp_lcd.c:230:6:EDT_LCD_DisplayOff	8	static
C:/TouchGFXProjects/Mess_Display_BI/Drivers/Vendor/Driver/edt_bsp_lcd.c:250:6:EDT_LCD_SetDisplayStatus	16	static
C:/TouchGFXProjects/Mess_Display_BI/Drivers/Vendor/Driver/edt_bsp_lcd.c:260:6:EDT_LCD_GetDisplayStatus	4	static
C:/TouchGFXProjects/Mess_Display_BI/Drivers/Vendor/Driver/edt_bsp_lcd.c:271:6:EDT_LCD_Reset	8	static
C:/TouchGFXProjects/Mess_Display_BI/Drivers/Vendor/Driver/edt_bsp_lcd.c:293:6:StartLCDSleepTask	16	static
C:/TouchGFXProjects/Mess_Display_BI/Drivers/Vendor/Driver/edt_bsp_lcd.c:303:6:EDT_LCD_Sleep_Time	16	static
C:/TouchGFXProjects/Mess_Display_BI/Drivers/Vendor/Driver/edt_bsp_lcd.c:308:6:EDT_LCD_Sleep_Function	8	static
C:/TouchGFXProjects/Mess_Display_BI/Drivers/Vendor/Driver/edt_bsp_lcd.c:329:6:EDT_Sleep_GetDetected	4	static
C:/TouchGFXProjects/Mess_Display_BI/Drivers/Vendor/Driver/edt_bsp_lcd.c:334:6:EDT_Sleep_SetDetected	16	static
C:/TouchGFXProjects/Mess_Display_BI/Drivers/Vendor/Driver/edt_bsp_lcd.c:345:6:EDT_Sleep_SuspendLCDSleepTask	8	static
C:/TouchGFXProjects/Mess_Display_BI/Drivers/Vendor/Driver/edt_bsp_lcd.c:358:6:EDT_Sleep_ResumeLCDSleepTask	8	static
C:/TouchGFXProjects/Mess_Display_BI/Drivers/Vendor/Driver/edt_bsp_lcd.c:374:13:EDT_LL_FillBuffer	48	static,ignoring_inline_asm
C:/TouchGFXProjects/Mess_Display_BI/Drivers/Vendor/Driver/edt_bsp_lcd.c:412:6:EDT_LCD_Clear	40	static
