C:/TouchGFXProjects/Mess_Display_BI_08-291024/Drivers/Vendor/Driver/edt_bsp_sdram.c:50:9:EDT_SDRAM_Init	16	static
C:/TouchGFXProjects/Mess_Display_BI_08-291024/Drivers/Vendor/Driver/edt_bsp_sdram.c:97:9:EDT_SDRAM_DeInit	8	static
C:/TouchGFXProjects/Mess_Display_BI_08-291024/Drivers/Vendor/Driver/edt_bsp_sdram.c:122:6:EDT_SDRAM_Initialization_sequence	32	static
C:/TouchGFXProjects/Mess_Display_BI_08-291024/Drivers/Vendor/Driver/edt_bsp_sdram.c:192:6:EDT_SDRAM_LinkDMA	24	static
C:/TouchGFXProjects/Mess_Display_BI_08-291024/Drivers/Vendor/Driver/edt_bsp_sdram.c:273:9:EDT_SDRAM_ReadData	24	static
C:/TouchGFXProjects/Mess_Display_BI_08-291024/Drivers/Vendor/Driver/edt_bsp_sdram.c:292:9:EDT_SDRAM_ReadData_DMA	24	static
C:/TouchGFXProjects/Mess_Display_BI_08-291024/Drivers/Vendor/Driver/edt_bsp_sdram.c:311:9:EDT_SDRAM_WriteData	24	static
C:/TouchGFXProjects/Mess_Display_BI_08-291024/Drivers/Vendor/Driver/edt_bsp_sdram.c:330:9:EDT_SDRAM_WriteData_DMA	24	static
C:/TouchGFXProjects/Mess_Display_BI_08-291024/Drivers/Vendor/Driver/edt_bsp_sdram.c:347:9:EDT_SDRAM_Sendcmd	16	static
