C:/TouchGFXProjects/Mess_Display_BI_branch_SimpleBsample/Drivers/Vendor/Driver/edt_bsp_ctp.c:68:6:TS_IO_Init	16	static
C:/TouchGFXProjects/Mess_Display_BI_branch_SimpleBsample/Drivers/Vendor/Driver/edt_bsp_ctp.c:80:6:EDT_TS_Set_Handle	16	static
C:/TouchGFXProjects/Mess_Display_BI_branch_SimpleBsample/Drivers/Vendor/Driver/edt_bsp_ctp.c:93:6:TS_IO_Write	24	static
C:/TouchGFXProjects/Mess_Display_BI_branch_SimpleBsample/Drivers/Vendor/Driver/edt_bsp_ctp.c:105:9:TS_IO_Read	32	static
C:/TouchGFXProjects/Mess_Display_BI_branch_SimpleBsample/Drivers/Vendor/Driver/edt_bsp_ctp.c:121:6:TS_IO_Read_Multi	24	static
C:/TouchGFXProjects/Mess_Display_BI_branch_SimpleBsample/Drivers/Vendor/Driver/edt_bsp_ctp.c:126:19:TS_IO_Read_Buffer	40	static
C:/TouchGFXProjects/Mess_Display_BI_branch_SimpleBsample/Drivers/Vendor/Driver/edt_bsp_ctp.c:146:6:TS_IO_Delay	24	static
C:/TouchGFXProjects/Mess_Display_BI_branch_SimpleBsample/Drivers/Vendor/Driver/edt_bsp_ctp.c:163:26:I2Cx_ReadMultiple	48	static
C:/TouchGFXProjects/Mess_Display_BI_branch_SimpleBsample/Drivers/Vendor/Driver/edt_bsp_ctp.c:190:26:I2Cx_WriteMultiple	48	static
C:/TouchGFXProjects/Mess_Display_BI_branch_SimpleBsample/Drivers/Vendor/Driver/edt_bsp_ctp.c:215:19:TS_IO_IsDeviceReady	24	static
C:/TouchGFXProjects/Mess_Display_BI_branch_SimpleBsample/Drivers/Vendor/Driver/edt_bsp_ctp.c:227:13:I2Cx_Error	16	static
C:/TouchGFXProjects/Mess_Display_BI_branch_SimpleBsample/Drivers/Vendor/Driver/edt_bsp_ctp.c:237:9:EDT_TS_Init	24	static
C:/TouchGFXProjects/Mess_Display_BI_branch_SimpleBsample/Drivers/Vendor/Driver/edt_bsp_ctp.c:262:9:EDT_TS_DeInit	4	static
C:/TouchGFXProjects/Mess_Display_BI_branch_SimpleBsample/Drivers/Vendor/Driver/edt_bsp_ctp.c:272:9:EDT_TS_ITConfig	8	static
C:/TouchGFXProjects/Mess_Display_BI_branch_SimpleBsample/Drivers/Vendor/Driver/edt_bsp_ctp.c:283:9:EDT_TS_ITGetStatus	8	static
C:/TouchGFXProjects/Mess_Display_BI_branch_SimpleBsample/Drivers/Vendor/Driver/edt_bsp_ctp.c:293:6:EDT_TS_SetDetected	16	static
C:/TouchGFXProjects/Mess_Display_BI_branch_SimpleBsample/Drivers/Vendor/Driver/edt_bsp_ctp.c:297:6:EDT_TS_GetDetected	4	static
C:/TouchGFXProjects/Mess_Display_BI_branch_SimpleBsample/Drivers/Vendor/Driver/edt_bsp_ctp.c:306:9:EDT_TS_GetState	80	static
C:/TouchGFXProjects/Mess_Display_BI_branch_SimpleBsample/Drivers/Vendor/Driver/edt_bsp_ctp.c:477:6:EDT_TS_ITClear	8	static
C:/TouchGFXProjects/Mess_Display_BI_branch_SimpleBsample/Drivers/Vendor/Driver/edt_bsp_ctp.c:489:9:EDT_TS_ResetTouchData	24	static
