../../Middlewares/ST/touchgfx/framework/include/touchgfx/Font.hpp:169:13:touchgfx::Font::~Font()	16	static
../../Middlewares/ST/touchgfx/framework/include/touchgfx/Font.hpp:169:13:virtual touchgfx::Font::~Font()	16	static
../../Middlewares/ST/touchgfx/framework/include/touchgfx/ConstFont.hpp:35:7:touchgfx::ConstFont::~ConstFont()	16	static
../../Middlewares/ST/touchgfx/framework/include/touchgfx/ConstFont.hpp:35:7:virtual touchgfx::ConstFont::~ConstFont()	16	static
../../TouchGFX/generated/fonts/include/fonts/GeneratedFont.hpp:11:7:touchgfx::GeneratedFont::~GeneratedFont()	16	static
../../TouchGFX/generated/fonts/include/fonts/GeneratedFont.hpp:11:7:virtual touchgfx::GeneratedFont::~GeneratedFont()	16	static
C:/TouchGFXProjects/Mess_Display_BI_08-291024/TouchGFX/generated/fonts/src/Table_calibri_25_4bpp.cpp:70:196:void __tcf_0()	8	static
C:/TouchGFXProjects/Mess_Display_BI_08-291024/TouchGFX/generated/fonts/src/Table_calibri_25_4bpp.cpp:68:26:touchgfx::GeneratedFont& getFont_calibri_25_4bpp()	64	static
